ERROR: Invalid syntax. Default option is not allowed more than '1' time(s).
Type "TIMEOUT /?" for usage. 
